[Nest] 96431  - 27/09/2026, 23:18:56     LOG [NestFactory] Starting Nest application...
[Nest] 96431  - 27/09/2026, 23:18:56     LOG [InstanceLoader] ConfigModule dependencies initialized +6ms
[Nest] 96431  - 27/09/2026, 23:18:56     LOG [InstanceLoader] DatabaseModule dependencies initialized +1ms
[Nest] 96431  - 27/09/2026, 23:18:56     LOG [InstanceLoader] SharedModule dependencies initialized +0ms
[Nest] 96431  - 27/09/2026, 23:18:56     LOG [InstanceLoader] VeiculosModule dependencies initialized +0ms
[Nest] 96431  - 27/09/2026, 23:18:56     LOG [InstanceLoader] CondutoresModule dependencies initialized +0ms
[Nest] 96431  - 27/09/2026, 23:18:56     LOG [InstanceLoader] InfracoesModule dependencies initialized +0ms
[Nest] 96431  - 27/09/2026, 23:18:56     LOG [InstanceLoader] IndicadoresModule dependencies initialized +0ms
[Nest] 96431  - 27/09/2026, 23:18:56     LOG [InstanceLoader] RestricoesJudiciaisModule dependencies initialized +0ms
[Nest] 96431  - 27/09/2026, 23:18:56     LOG [InstanceLoader] RouboFurtoModule dependencies initialized +0ms
[Nest] 96431  - 27/09/2026, 23:18:56     LOG [InstanceLoader] ConsultaCsvModule dependencies initialized +0ms
[Nest] 96431  - 27/09/2026, 23:18:56     LOG [InstanceLoader] AutorizacoesModule dependencies initialized +0ms
[Nest] 96431  - 27/09/2026, 23:18:56     LOG [InstanceLoader] RenachModule dependencies initialized +0ms
[Nest] 96431  - 27/09/2026, 23:18:56     LOG [InstanceLoader] RenainfModule dependencies initialized +0ms
[Nest] 96431  - 27/09/2026, 23:18:56     LOG [InstanceLoader] RenaestModule dependencies initialized +0ms
[Nest] 96431  - 27/09/2026, 23:18:56     LOG [InstanceLoader] SneModule dependencies initialized +0ms
[Nest] 96431  - 27/09/2026, 23:18:56     LOG [InstanceLoader] DetranModule dependencies initialized +0ms
[Nest] 96431  - 27/09/2026, 23:18:56     LOG [InstanceLoader] AppModule dependencies initialized +0ms
[Nest] 96431  - 27/09/2026, 23:18:56     LOG [InstanceLoader] CdtModule dependencies initialized +0ms
[Nest] 96431  - 27/09/2026, 23:18:56     LOG [RoutesResolver] HealthController {/health}: +3ms
[Nest] 96431  - 27/09/2026, 23:18:56     LOG [RouterExplorer] Mapped {/health, GET} route +1ms
[Nest] 96431  - 27/09/2026, 23:18:56     LOG [RoutesResolver] VeiculosController {/v1/veiculos}: +0ms
[Nest] 96431  - 27/09/2026, 23:18:56     LOG [RouterExplorer] Mapped {/v1/veiculos/placa/:placa, GET} route +0ms
[Nest] 96431  - 27/09/2026, 23:18:56     LOG [RouterExplorer] Mapped {/v1/veiculos/chassi/:chassi, GET} route +1ms
[Nest] 96431  - 27/09/2026, 23:18:56     LOG [RouterExplorer] Mapped {/v1/veiculos/renavam/:renavam, GET} route +0ms
[Nest] 96431  - 27/09/2026, 23:18:56     LOG [RouterExplorer] Mapped {/v1/veiculos/motor/:motor, GET} route +0ms
[Nest] 96431  - 27/09/2026, 23:18:56     LOG [RouterExplorer] Mapped {/v1/veiculos/cambio/:cambio, GET} route +0ms
[Nest] 96431  - 27/09/2026, 23:18:56     LOG [RouterExplorer] Mapped {/v1/veiculos/proprietario/cpf/:identificacao, GET} route +0ms
[Nest] 96431  - 27/09/2026, 23:18:56     LOG [RouterExplorer] Mapped {/v1/veiculos/proprietario/cnpj/:identificacao, GET} route +0ms
[Nest] 96431  - 27/09/2026, 23:18:56     LOG [RouterExplorer] Mapped {/v1/veiculos/proprietario/cpf/:cpf/chassi/:chassi/renavam/:renavam, GET} route +0ms
[Nest] 96431  - 27/09/2026, 23:18:56     LOG [RouterExplorer] Mapped {/v1/veiculos/proprietario/cpf/:cpf/placa/:placa/renavam/:renavam, GET} route +0ms
[Nest] 96431  - 27/09/2026, 23:18:56     LOG [RouterExplorer] Mapped {/v1/veiculos/proprietario/cnpj/:cnpj/chassi/:chassi/renavam/:renavam, GET} route +0ms
[Nest] 96431  - 27/09/2026, 23:18:56     LOG [RouterExplorer] Mapped {/v1/veiculos/proprietario/cnpj/:cnpj/placa/:placa/renavam/:renavam, GET} route +1ms
[Nest] 96431  - 27/09/2026, 23:18:56     LOG [RouterExplorer] Mapped {/v1/veiculos/codigoSegurancaCrv/:codigoSegurancaCrv/cpf/:cpf/renavam/:renavam/placa/:placa, GET} route +0ms
[Nest] 96431  - 27/09/2026, 23:18:56     LOG [RouterExplorer] Mapped {/v1/veiculos/codigoSegurancaCrv/:codigoSegurancaCrv/cnpj/:cnpj/renavam/:renavam/placa/:placa, GET} route +0ms
[Nest] 96431  - 27/09/2026, 23:18:56     LOG [RouterExplorer] Mapped {/v1/veiculos/comunicacaoVenda/cpf/:cpf/renavam/:renavam/placa/:placa, GET} route +0ms
[Nest] 96431  - 27/09/2026, 23:18:56     LOG [RouterExplorer] Mapped {/v1/veiculos/comunicacaoVenda/cnpj/:cnpj/renavam/:renavam/placa/:placa, GET} route +0ms
[Nest] 96431  - 27/09/2026, 23:18:56     LOG [RouterExplorer] Mapped {/v1/veiculos/multaInterestadual/cpf/:cpf/renavam/:renavam/placa/:placa, GET} route +0ms
[Nest] 96431  - 27/09/2026, 23:18:56     LOG [RouterExplorer] Mapped {/v1/veiculos/multaInterestadual/cnpj/:cnpj/renavam/:renavam/placa/:placa, GET} route +0ms
[Nest] 96431  - 27/09/2026, 23:18:56     LOG [RouterExplorer] Mapped {/v1/veiculos/enderecoPossuidor/placa/:placa/renavam/:renavam, GET} route +0ms
[Nest] 96431  - 27/09/2026, 23:18:56     LOG [RouterExplorer] Mapped {/v1/veiculos/enderecoPossuidor/placa/:placa, GET} route +0ms
[Nest] 96431  - 27/09/2026, 23:18:56     LOG [RouterExplorer] Mapped {/v1/veiculos/recall/chassi/:chassi, GET} route +0ms
[Nest] 96431  - 27/09/2026, 23:18:56     LOG [RoutesResolver] CondutoresController {/v1/condutores}: +0ms
[Nest] 96431  - 27/09/2026, 23:18:56     LOG [RouterExplorer] Mapped {/v1/condutores/cpf/:cpf, GET} route +0ms
[Nest] 96431  - 27/09/2026, 23:18:56     LOG [RouterExplorer] Mapped {/v1/condutores/cpf/:cpf/registroCnh/:numeroRegistroCnh, GET} route +0ms
[Nest] 96431  - 27/09/2026, 23:18:56     LOG [RouterExplorer] Mapped {/v1/condutores/formularioRenach/:formularioRenach, GET} route +1ms
[Nest] 96431  - 27/09/2026, 23:18:56     LOG [RouterExplorer] Mapped {/v1/condutores/imagens/cpf/:cpf/registroCnh/:numeroRegistro/segurancaCnh/:numeroSeguranca, GET} route +0ms
[Nest] 96431  - 27/09/2026, 23:18:56     LOG [RouterExplorer] Mapped {/v1/condutores/impedimento/:impedimento, GET} route +0ms
[Nest] 96431  - 27/09/2026, 23:18:56     LOG [RouterExplorer] Mapped {/v1/condutores/infracoes/registroCnh/:numeroRegistroCnh, GET} route +0ms
[Nest] 96431  - 27/09/2026, 23:18:56     LOG [RouterExplorer] Mapped {/v1/condutores/nomeCondutor/:nomeCondutor/dataNascimento/:dataNascimento/nomeMae/:nomeMae, GET} route +0ms
[Nest] 96431  - 27/09/2026, 23:18:56     LOG [RouterExplorer] Mapped {/v1/condutores/pgu/:pgu, GET} route +0ms
[Nest] 96431  - 27/09/2026, 23:18:56     LOG [RouterExplorer] Mapped {/v1/condutores/pid/:pid, GET} route +0ms
[Nest] 96431  - 27/09/2026, 23:18:56     LOG [RouterExplorer] Mapped {/v1/condutores/registroCnh/:numeroRegistroCnh, GET} route +0ms
[Nest] 96431  - 27/09/2026, 23:18:56     LOG [RouterExplorer] Mapped {/v1/condutores/retrato/cpf/:cpf/registroCnh/:numeroRegistro/segurancaCnh/:numeroSeguranca, GET} route +0ms
[Nest] 96431  - 27/09/2026, 23:18:56     LOG [RouterExplorer] Mapped {/v1/condutores/validacao/cpf/:cpf/registroCnh/:numeroRegistro/segurancaCnh/:numeroSeguranca, GET} route +0ms
[Nest] 96431  - 27/09/2026, 23:18:56     LOG [RoutesResolver] InfracoesController {/v1/infracoes}: +0ms
[Nest] 96431  - 27/09/2026, 23:18:56     LOG [RouterExplorer] Mapped {/v1/infracoes/ait/:autoInfracao/orgaoAutuador/:orgao/infracao/:codigoInfracao, GET} route +0ms
[Nest] 96431  - 27/09/2026, 23:18:56     LOG [RouterExplorer] Mapped {/v1/infracoes/cnpj/:cnpj, GET} route +0ms
[Nest] 96431  - 27/09/2026, 23:18:56     LOG [RouterExplorer] Mapped {/v1/infracoes/cpf/:cpf, GET} route +0ms
[Nest] 96431  - 27/09/2026, 23:18:56     LOG [RouterExplorer] Mapped {/v1/infracoes/habilitacaoEstrangeira/:identificacao, GET} route +0ms
[Nest] 96431  - 27/09/2026, 23:18:56     LOG [RouterExplorer] Mapped {/v1/infracoes/ocorrencias/ait/:autoInfracao/orgaoAutuador/:orgao/infracao/:codigoInfracao, GET} route +0ms
[Nest] 96431  - 27/09/2026, 23:18:56     LOG [RouterExplorer] Mapped {/v1/infracoes/pagamentos/ait/:autoInfracao/orgaoAutuador/:orgao/infracao/:codigoInfracao, GET} route +1ms
[Nest] 96431  - 27/09/2026, 23:18:56     LOG [RouterExplorer] Mapped {/v1/infracoes/pgu/:pgu/uf/:uf, GET} route +0ms
[Nest] 96431  - 27/09/2026, 23:18:56     LOG [RouterExplorer] Mapped {/v1/infracoes/placa/:placa/exigibilidade/:situacaoExigibilidade, GET} route +0ms
[Nest] 96431  - 27/09/2026, 23:18:56     LOG [RouterExplorer] Mapped {/v1/infracoes/registroCnh/:cnh, GET} route +0ms
[Nest] 96431  - 27/09/2026, 23:18:56     LOG [RouterExplorer] Mapped {/v1/infracoes/renainf/:numeroRenainf, GET} route +0ms
[Nest] 96431  - 27/09/2026, 23:18:56     LOG [RoutesResolver] IndicadoresController {/v1/indicadores}: +0ms
[Nest] 96431  - 27/09/2026, 23:18:56     LOG [RouterExplorer] Mapped {/v1/indicadores/alarme/chassi/:chassi, GET} route +0ms
[Nest] 96431  - 27/09/2026, 23:18:56     LOG [RouterExplorer] Mapped {/v1/indicadores/alarme/placa/:placa, GET} route +0ms
[Nest] 96431  - 27/09/2026, 23:18:56     LOG [RouterExplorer] Mapped {/v1/indicadores/restricaoJudicial/chassi/:chassi, GET} route +0ms
[Nest] 96431  - 27/09/2026, 23:18:56     LOG [RouterExplorer] Mapped {/v1/indicadores/restricaoJudicial/placa/:placa, GET} route +0ms
[Nest] 96431  - 27/09/2026, 23:18:56     LOG [RouterExplorer] Mapped {/v1/indicadores/rouboFurto/chassi/:chassi, GET} route +0ms
[Nest] 96431  - 27/09/2026, 23:18:56     LOG [RouterExplorer] Mapped {/v1/indicadores/rouboFurto/placa/:placa, GET} route +0ms
[Nest] 96431  - 27/09/2026, 23:18:56     LOG [RouterExplorer] Mapped {/v1/indicadores/sinistro/chassi/:chassi, GET} route +0ms
[Nest] 96431  - 27/09/2026, 23:18:56     LOG [RouterExplorer] Mapped {/v1/indicadores/sinistro/placa/:placa, GET} route +0ms
[Nest] 96431  - 27/09/2026, 23:18:56     LOG [RoutesResolver] RestricoesJudiciaisController {/v1/restricoesJudiciaisAtivas}: +1ms
[Nest] 96431  - 27/09/2026, 23:18:56     LOG [RouterExplorer] Mapped {/v1/restricoesJudiciaisAtivas/placa/:placa, GET} route +0ms
[Nest] 96431  - 27/09/2026, 23:18:56     LOG [RouterExplorer] Mapped {/v1/restricoesJudiciaisAtivas/placa/:placa/renavam/:renavam, GET} route +0ms
[Nest] 96431  - 27/09/2026, 23:18:56     LOG [RoutesResolver] RouboFurtoController {/v1/rouboFurto}: +0ms
[Nest] 96431  - 27/09/2026, 23:18:56     LOG [RouterExplorer] Mapped {/v1/rouboFurto/emAberto/chassi/:chassi, GET} route +0ms
[Nest] 96431  - 27/09/2026, 23:18:56     LOG [RouterExplorer] Mapped {/v1/rouboFurto/emAberto/placa/:placa, GET} route +0ms
[Nest] 96431  - 27/09/2026, 23:18:56     LOG [RoutesResolver] ConsultaCsvController {/v1/ConsultaCSV}: +0ms
[Nest] 96431  - 27/09/2026, 23:18:56     LOG [RouterExplorer] Mapped {/v1/ConsultaCSV/chassi/:chassi, GET} route +0ms
[Nest] 96431  - 27/09/2026, 23:18:56     LOG [RouterExplorer] Mapped {/v1/ConsultaCSV/placa/:placa, GET} route +0ms
[Nest] 96431  - 27/09/2026, 23:18:56     LOG [RoutesResolver] AutorizacoesController {/v1/autorizacoesAlteracaoVeiculo}: +0ms
[Nest] 96431  - 27/09/2026, 23:18:56     LOG [RouterExplorer] Mapped {/v1/autorizacoesAlteracaoVeiculo/alteracoesPermitidas, GET} route +0ms
[Nest] 96431  - 27/09/2026, 23:18:56     LOG [RoutesResolver] RenachController {/v1/renach}: +0ms
[Nest] 96431  - 27/09/2026, 23:18:56     LOG [RouterExplorer] Mapped {/v1/renach/processos, POST} route +0ms
[Nest] 96431  - 27/09/2026, 23:18:56     LOG [RouterExplorer] Mapped {/v1/renach/processos, GET} route +0ms
[Nest] 96431  - 27/09/2026, 23:18:56     LOG [RouterExplorer] Mapped {/v1/renach/processos/:numeroRenach, GET} route +0ms
[Nest] 96431  - 27/09/2026, 23:18:56     LOG [RouterExplorer] Mapped {/v1/renach/processos/:numeroRenach/elegibilidadeExame, POST} route +0ms
[Nest] 96431  - 27/09/2026, 23:18:56     LOG [RouterExplorer] Mapped {/v1/renach/clinicasCredenciadas, GET} route +0ms
[Nest] 96431  - 27/09/2026, 23:18:56     LOG [RouterExplorer] Mapped {/v1/renach/profissionaisCredenciados, GET} route +0ms
[Nest] 96431  - 27/09/2026, 23:18:56     LOG [RouterExplorer] Mapped {/v1/renach/processos/:numeroRenach/agendamentos, POST} route +0ms
[Nest] 96431  - 27/09/2026, 23:18:56     LOG [RouterExplorer] Mapped {/v1/renach/agendamentos/:idAgendamento, PATCH} route +0ms
[Nest] 96431  - 27/09/2026, 23:18:56     LOG [RouterExplorer] Mapped {/v1/renach/agendamentos/:idAgendamento/checkin, POST} route +0ms
[Nest] 96431  - 27/09/2026, 23:18:56     LOG [RouterExplorer] Mapped {/v1/renach/processos/:numeroRenach/examesMedicos, POST} route +1ms
[Nest] 96431  - 27/09/2026, 23:18:56     LOG [RouterExplorer] Mapped {/v1/renach/processos/:numeroRenach/avaliacoesPsicologicas, POST} route +0ms
[Nest] 96431  - 27/09/2026, 23:18:56     LOG [RouterExplorer] Mapped {/v1/renach/processos/:numeroRenach/exames, GET} route +0ms
[Nest] 96431  - 27/09/2026, 23:18:56     LOG [RouterExplorer] Mapped {/v1/renach/exames/:idExame/retificacoes, POST} route +0ms
[Nest] 96431  - 27/09/2026, 23:18:56     LOG [RouterExplorer] Mapped {/v1/renach/processos/:numeroRenach/encaminhamentosJunta, POST} route +0ms
[Nest] 96431  - 27/09/2026, 23:18:56     LOG [RouterExplorer] Mapped {/v1/renach/processos/:numeroRenach/pareceresJunta, POST} route +0ms
[Nest] 96431  - 27/09/2026, 23:18:56     LOG [RoutesResolver] RenainfController {/v1/renainf}: +0ms
[Nest] 96431  - 27/09/2026, 23:18:56     LOG [RouterExplorer] Mapped {/v1/renainf/talonario/dispositivos, POST} route +0ms
[Nest] 96431  - 27/09/2026, 23:18:56     LOG [RouterExplorer] Mapped {/v1/renainf/talonario/sincronizacao, GET} route +0ms
[Nest] 96431  - 27/09/2026, 23:18:56     LOG [RouterExplorer] Mapped {/v1/renainf/talonario/faixasNumeracaoAit, POST} route +0ms
[Nest] 96431  - 27/09/2026, 23:18:56     LOG [RouterExplorer] Mapped {/v1/renainf/autosInfracao/lotes, POST} route +0ms
[Nest] 96431  - 27/09/2026, 23:18:56     LOG [RouterExplorer] Mapped {/v1/renainf/autosInfracao, POST} route +0ms
[Nest] 96431  - 27/09/2026, 23:18:56     LOG [RouterExplorer] Mapped {/v1/renainf/autosInfracao/:numeroAit, GET} route +0ms
[Nest] 96431  - 27/09/2026, 23:18:56     LOG [RouterExplorer] Mapped {/v1/renainf/autosInfracao/:numeroAit/solicitacoesCancelamento, POST} route +0ms
[Nest] 96431  - 27/09/2026, 23:18:56     LOG [RouterExplorer] Mapped {/v1/renainf/processosAdministrativos, POST} route +0ms
[Nest] 96431  - 27/09/2026, 23:18:56     LOG [RouterExplorer] Mapped {/v1/renainf/processosAdministrativos/:idProcesso/notificacoes/autuacao, POST} route +0ms
[Nest] 96431  - 27/09/2026, 23:18:56     LOG [RouterExplorer] Mapped {/v1/renainf/processosAdministrativos/:idProcesso/indicacoesCondutor, POST} route +0ms
[Nest] 96431  - 27/09/2026, 23:18:56     LOG [RouterExplorer] Mapped {/v1/renainf/processosAdministrativos/:idProcesso/defesasPrevias, POST} route +0ms
[Nest] 96431  - 27/09/2026, 23:18:56     LOG [RouterExplorer] Mapped {/v1/renainf/processosAdministrativos/:idProcesso/penalidades, POST} route +0ms
[Nest] 96431  - 27/09/2026, 23:18:56     LOG [RouterExplorer] Mapped {/v1/renainf/processosAdministrativos/:idProcesso/notificacoes/penalidade, POST} route +0ms
[Nest] 96431  - 27/09/2026, 23:18:56     LOG [RouterExplorer] Mapped {/v1/renainf/processosAdministrativos/:idProcesso/recursos, POST} route +0ms
[Nest] 96431  - 27/09/2026, 23:18:56     LOG [RouterExplorer] Mapped {/v1/renainf/recursos/:idRecurso/julgamento, POST} route +0ms
[Nest] 96431  - 27/09/2026, 23:18:56     LOG [RouterExplorer] Mapped {/v1/renainf/recursos/:idRecurso, GET} route +1ms
[Nest] 96431  - 27/09/2026, 23:18:56     LOG [RouterExplorer] Mapped {/v1/renainf/recursos, GET} route +0ms
[Nest] 96431  - 27/09/2026, 23:18:56     LOG [RouterExplorer] Mapped {/v1/renainf/processosAdministrativos/:idProcesso/debito, GET} route +0ms
[Nest] 96431  - 27/09/2026, 23:18:56     LOG [RouterExplorer] Mapped {/v1/renainf/processosAdministrativos/:idProcesso/pagamentos, POST} route +0ms
[Nest] 96431  - 27/09/2026, 23:18:56     LOG [RoutesResolver] RenaestController {/v1/renaest}: +0ms
[Nest] 96431  - 27/09/2026, 23:18:56     LOG [RouterExplorer] Mapped {/v1/renaest/sinistros, POST} route +0ms
[Nest] 96431  - 27/09/2026, 23:18:56     LOG [RouterExplorer] Mapped {/v1/renaest/sinistros/lotes, POST} route +0ms
[Nest] 96431  - 27/09/2026, 23:18:56     LOG [RouterExplorer] Mapped {/v1/renaest/sinistros/:idSinistro, GET} route +0ms
[Nest] 96431  - 27/09/2026, 23:18:56     LOG [RouterExplorer] Mapped {/v1/renaest/sinistros, GET} route +0ms
[Nest] 96431  - 27/09/2026, 23:18:56     LOG [RouterExplorer] Mapped {/v1/renaest/protocolos/:protocolo, GET} route +0ms
[Nest] 96431  - 27/09/2026, 23:18:56     LOG [RouterExplorer] Mapped {/v1/renaest/sinistros/:idSinistro/complementos, POST} route +0ms
[Nest] 96431  - 27/09/2026, 23:18:56     LOG [RouterExplorer] Mapped {/v1/renaest/sinistros/:idSinistro/correcoes, POST} route +0ms
[Nest] 96431  - 27/09/2026, 23:18:56     LOG [RoutesResolver] SneController {/v1/sne}: +0ms
[Nest] 96431  - 27/09/2026, 23:18:56     LOG [RouterExplorer] Mapped {/v1/sne/adesoes/veiculos/:placa, GET} route +0ms
[Nest] 96431  - 27/09/2026, 23:18:56     LOG [RouterExplorer] Mapped {/v1/sne/adesoes/cidadaos/:cpf, GET} route +0ms
[Nest] 96431  - 27/09/2026, 23:18:56     LOG [RouterExplorer] Mapped {/v1/sne/adesoes/cidadaos, POST} route +0ms
[Nest] 96431  - 27/09/2026, 23:18:56     LOG [RouterExplorer] Mapped {/v1/sne/orgaos/:codigoOrgaoAutuador/adesao, GET} route +0ms
[Nest] 96431  - 27/09/2026, 23:18:56     LOG [RouterExplorer] Mapped {/v1/sne/notificacoes/autuacao, POST} route +0ms
[Nest] 96431  - 27/09/2026, 23:18:56     LOG [RouterExplorer] Mapped {/v1/sne/notificacoes/penalidade, POST} route +0ms
[Nest] 96431  - 27/09/2026, 23:18:56     LOG [RouterExplorer] Mapped {/v1/sne/notificacoes/:protocolo, GET} route +0ms
[Nest] 96431  - 27/09/2026, 23:18:56     LOG [RouterExplorer] Mapped {/v1/sne/notificacoes/:protocolo/cancelamento, POST} route +0ms
[Nest] 96431  - 27/09/2026, 23:18:56     LOG [RoutesResolver] CdtController {/v1/cdt}: +0ms
[Nest] 96431  - 27/09/2026, 23:18:56     LOG [RouterExplorer] Mapped {/v1/cdt/cidadaos/:cpf/notificacoes, GET} route +1ms
[Nest] 96431  - 27/09/2026, 23:18:56     LOG [RouterExplorer] Mapped {/v1/cdt/cidadaos/:cpf/infracoes, GET} route +0ms
[Nest] 96431  - 27/09/2026, 23:18:56     LOG [RouterExplorer] Mapped {/v1/cdt/cidadaos/:cpf/veiculos, GET} route +0ms
[Nest] 96431  - 27/09/2026, 23:18:56     LOG [RouterExplorer] Mapped {/v1/cdt/cidadaos/:cpf/cnh, GET} route +0ms
[Nest] 96431  - 27/09/2026, 23:18:56     LOG [RouterExplorer] Mapped {/v1/cdt/cidadaos/:cpf/infracoes/:numeroAit/defesas, POST} route +0ms
[Nest] 96431  - 27/09/2026, 23:18:56     LOG [RouterExplorer] Mapped {/v1/cdt/cidadaos/:cpf/infracoes/:numeroAit/recursos, POST} route +0ms
[Nest] 96431  - 27/09/2026, 23:18:56     LOG [RouterExplorer] Mapped {/v1/cdt/infracoes/:numeroAit/pagamento, GET} route +0ms
[Nest] 96431  - 27/09/2026, 23:18:56     LOG [RouterExplorer] Mapped {/v1/cdt/infracoes/:numeroAit/reconhecimento, POST} route +0ms
[Nest] 96431  - 27/09/2026, 23:18:56     LOG [RoutesResolver] DetranController {/v1/detrans}: +0ms
[Nest] 96431  - 27/09/2026, 23:18:56     LOG [RouterExplorer] Mapped {/v1/detrans/:uf/renavam/consultasVeiculo, POST} route +0ms
[Nest] 96431  - 27/09/2026, 23:18:56     LOG [RouterExplorer] Mapped {/v1/detrans/:uf/renach/consultasCondutor, POST} route +0ms
[Nest] 96431  - 27/09/2026, 23:18:56     LOG [RouterExplorer] Mapped {/v1/detrans/:uf/renainf/autosInfracao, POST} route +0ms
[Nest] 96431  - 27/09/2026, 23:18:56     LOG [RouterExplorer] Mapped {/v1/detrans/:uf/renainf/autosInfracao/:numeroAit, GET} route +0ms
[Nest] 96431  - 27/09/2026, 23:18:56     LOG [RouterExplorer] Mapped {/v1/detrans/:uf/renaest/sinistros, POST} route +0ms
[Nest] 96431  - 27/09/2026, 23:18:56     LOG [RouterExplorer] Mapped {/v1/detrans/:uf/sne/notificacoes, POST} route +0ms
[Nest] 96431  - 27/09/2026, 23:18:56     LOG [NestApplication] Nest application successfully started +1ms
[Nest] 96431  - 27/09/2026, 23:18:56     LOG [Bootstrap] SENATRAN mock listening on http://localhost:31021 (env=development)
